!*** Graphical Modeling Framework (GMF) Runtime Notation map ********************************

!*** GMF Runtime Notation features **********************************************************
feature@org.eclipse.gmf.runtime.notation=v20110426-2159,:pserver:anonymous@dev.eclipse.org:/cvsroot/modeling,,org.eclipse.gmp/org.eclipse.gmf.notation/features/org.eclipse.gmf.runtime.notation-feature
feature@org.eclipse.gmf.runtime.notation.sdk=v20110426-2159,:pserver:anonymous@dev.eclipse.org:/cvsroot/modeling,,org.eclipse.gmp/org.eclipse.gmf.notation/features/org.eclipse.gmf.runtime.notation.sdk-feature

!*** GMF Runtime Notation plug-ins **********************************************************
plugin@org.eclipse.gmf.runtime.notation=v20110309-2159,:pserver:anonymous@dev.eclipse.org:/cvsroot/modeling,,org.eclipse.gmp/org.eclipse.gmf.notation/plugins/org.eclipse.gmf.runtime.notation
plugin@org.eclipse.gmf.runtime.notation.sdk=v20100716-2159,:pserver:anonymous@dev.eclipse.org:/cvsroot/modeling,,org.eclipse.gmp/org.eclipse.gmf.notation/plugins/org.eclipse.gmf.runtime.notation.sdk
plugin@org.eclipse.gmf.runtime.notation.edit=v20100512-1416,:pserver:anonymous@dev.eclipse.org:/cvsroot/modeling,,org.eclipse.gmp/org.eclipse.gmf.notation/plugins/org.eclipse.gmf.runtime.notation.edit